1772143034.984761 client started (15752): version 3.6a, socket /tmp/tmux-1000/default, protocol 8
1772143034.984780 on Linux 6.18.9-arch1-2 #1 SMP PREEMPT_DYNAMIC Mon, 09 Feb 2026 17:16:33 +0000
1772143034.984790 using libevent 2.1.12-stable poll
1772143034.984794 using ncurses 6.5 20240427
1772143034.984808 flags are 0x18010000
1772143034.984816 socket is /tmp/tmux-1000/default
1772143034.984826 trying connect
1772143034.984846 add peer 0x5596ffa093b0: 6 ((nil))
1772143034.985041 sending message 111 to peer 0x5596ffa093b0 (8 bytes)
1772143034.985052 sending message 111 to peer 0x5596ffa093b0 (8 bytes)
1772143034.985057 sending message 101 to peer 0x5596ffa093b0 (12 bytes)
1772143034.985061 sending message 109 to peer 0x5596ffa093b0 (4 bytes)
1772143034.985065 sending message 102 to peer 0x5596ffa093b0 (11 bytes)
1772143034.985070 sending message 108 to peer 0x5596ffa093b0 (27 bytes)
1772143034.985074 sending message 112 to peer 0x5596ffa093b0 (70 bytes)
1772143034.985078 sending message 112 to peer 0x5596ffa093b0 (5 bytes)
1772143034.985082 sending message 112 to peer 0x5596ffa093b0 (6 bytes)
1772143034.985086 sending message 112 to peer 0x5596ffa093b0 (6 bytes)
1772143034.985090 sending message 112 to peer 0x5596ffa093b0 (10 bytes)
1772143034.985094 sending message 112 to peer 0x5596ffa093b0 (13 bytes)
1772143034.985098 sending message 112 to peer 0x5596ffa093b0 (14 bytes)
1772143034.985102 sending message 112 to peer 0x5596ffa093b0 (19 bytes)
1772143034.985106 sending message 112 to peer 0x5596ffa093b0 (11 bytes)
1772143034.985110 sending message 112 to peer 0x5596ffa093b0 (10 bytes)
1772143034.985114 sending message 112 to peer 0x5596ffa093b0 (15 bytes)
1772143034.985118 sending message 112 to peer 0x5596ffa093b0 (21 bytes)
1772143034.985122 sending message 112 to peer 0x5596ffa093b0 (13 bytes)
1772143034.985126 sending message 112 to peer 0x5596ffa093b0 (7 bytes)
1772143034.985130 sending message 112 to peer 0x5596ffa093b0 (13 bytes)
1772143034.985134 sending message 112 to peer 0x5596ffa093b0 (7 bytes)
1772143034.985138 sending message 112 to peer 0x5596ffa093b0 (13 bytes)
1772143034.985142 sending message 112 to peer 0x5596ffa093b0 (9 bytes)
1772143034.985146 sending message 112 to peer 0x5596ffa093b0 (21 bytes)
1772143034.985150 sending message 112 to peer 0x5596ffa093b0 (13 bytes)
1772143034.985154 sending message 112 to peer 0x5596ffa093b0 (9 bytes)
1772143034.985158 sending message 112 to peer 0x5596ffa093b0 (16 bytes)
1772143034.985162 sending message 112 to peer 0x5596ffa093b0 (13 bytes)
1772143034.985166 sending message 112 to peer 0x5596ffa093b0 (9 bytes)
1772143034.985170 sending message 112 to peer 0x5596ffa093b0 (9 bytes)
1772143034.985174 sending message 112 to peer 0x5596ffa093b0 (12 bytes)
1772143034.985178 sending message 112 to peer 0x5596ffa093b0 (8 bytes)
1772143034.985182 sending message 112 to peer 0x5596ffa093b0 (13 bytes)
1772143034.985186 sending message 112 to peer 0x5596ffa093b0 (7 bytes)
1772143034.985190 sending message 112 to peer 0x5596ffa093b0 (7 bytes)
1772143034.985194 sending message 112 to peer 0x5596ffa093b0 (9 bytes)
1772143034.985198 sending message 112 to peer 0x5596ffa093b0 (6 bytes)
1772143034.985202 sending message 112 to peer 0x5596ffa093b0 (9 bytes)
1772143034.985206 sending message 112 to peer 0x5596ffa093b0 (15 bytes)
1772143034.985210 sending message 112 to peer 0x5596ffa093b0 (13 bytes)
1772143034.985214 sending message 112 to peer 0x5596ffa093b0 (12 bytes)
1772143034.985218 sending message 112 to peer 0x5596ffa093b0 (8 bytes)
1772143034.985222 sending message 112 to peer 0x5596ffa093b0 (14 bytes)
1772143034.985226 sending message 112 to peer 0x5596ffa093b0 (9 bytes)
1772143034.985230 sending message 112 to peer 0x5596ffa093b0 (10 bytes)
1772143034.985234 sending message 112 to peer 0x5596ffa093b0 (10 bytes)
1772143034.985239 sending message 112 to peer 0x5596ffa093b0 (10 bytes)
1772143034.985243 sending message 112 to peer 0x5596ffa093b0 (10 bytes)
1772143034.985247 sending message 112 to peer 0x5596ffa093b0 (11 bytes)
1772143034.985251 sending message 112 to peer 0x5596ffa093b0 (12 bytes)
1772143034.985261 sending message 112 to peer 0x5596ffa093b0 (12 bytes)
1772143034.985268 sending message 112 to peer 0x5596ffa093b0 (12 bytes)
1772143034.985273 sending message 112 to peer 0x5596ffa093b0 (12 bytes)
1772143034.985277 sending message 112 to peer 0x5596ffa093b0 (12 bytes)
1772143034.985281 sending message 112 to peer 0x5596ffa093b0 (11 bytes)
1772143034.985285 sending message 112 to peer 0x5596ffa093b0 (11 bytes)
1772143034.985289 sending message 112 to peer 0x5596ffa093b0 (12 bytes)
1772143034.985293 sending message 112 to peer 0x5596ffa093b0 (12 bytes)
1772143034.985297 sending message 112 to peer 0x5596ffa093b0 (12 bytes)
1772143034.985301 sending message 112 to peer 0x5596ffa093b0 (12 bytes)
1772143034.985305 sending message 112 to peer 0x5596ffa093b0 (12 bytes)
1772143034.985309 sending message 112 to peer 0x5596ffa093b0 (9 bytes)
1772143034.985313 sending message 112 to peer 0x5596ffa093b0 (12 bytes)
1772143034.985317 sending message 112 to peer 0x5596ffa093b0 (13 bytes)
1772143034.985321 sending message 112 to peer 0x5596ffa093b0 (13 bytes)
1772143034.985325 sending message 112 to peer 0x5596ffa093b0 (13 bytes)
1772143034.985329 sending message 112 to peer 0x5596ffa093b0 (13 bytes)
1772143034.985333 sending message 112 to peer 0x5596ffa093b0 (13 bytes)
1772143034.985337 sending message 112 to peer 0x5596ffa093b0 (8 bytes)
1772143034.985341 sending message 112 to peer 0x5596ffa093b0 (11 bytes)
1772143034.985345 sending message 112 to peer 0x5596ffa093b0 (11 bytes)
1772143034.985349 sending message 112 to peer 0x5596ffa093b0 (11 bytes)
1772143034.985353 sending message 112 to peer 0x5596ffa093b0 (12 bytes)
1772143034.985357 sending message 112 to peer 0x5596ffa093b0 (12 bytes)
1772143034.985361 sending message 112 to peer 0x5596ffa093b0 (13 bytes)
1772143034.985365 sending message 112 to peer 0x5596ffa093b0 (12 bytes)
1772143034.985369 sending message 112 to peer 0x5596ffa093b0 (13 bytes)
1772143034.985373 sending message 112 to peer 0x5596ffa093b0 (13 bytes)
1772143034.985377 sending message 112 to peer 0x5596ffa093b0 (13 bytes)
1772143034.985381 sending message 112 to peer 0x5596ffa093b0 (8 bytes)
1772143034.985386 sending message 112 to peer 0x5596ffa093b0 (13 bytes)
1772143034.985390 sending message 112 to peer 0x5596ffa093b0 (13 bytes)
1772143034.985394 sending message 112 to peer 0x5596ffa093b0 (13 bytes)
1772143034.985398 sending message 112 to peer 0x5596ffa093b0 (13 bytes)
1772143034.985402 sending message 112 to peer 0x5596ffa093b0 (13 bytes)
1772143034.985406 sending message 112 to peer 0x5596ffa093b0 (12 bytes)
1772143034.985410 sending message 112 to peer 0x5596ffa093b0 (12 bytes)
1772143034.985414 sending message 112 to peer 0x5596ffa093b0 (13 bytes)
1772143034.985418 sending message 112 to peer 0x5596ffa093b0 (12 bytes)
1772143034.985422 sending message 112 to peer 0x5596ffa093b0 (13 bytes)
1772143034.985426 sending message 112 to peer 0x5596ffa093b0 (8 bytes)
1772143034.985430 sending message 112 to peer 0x5596ffa093b0 (13 bytes)
1772143034.985434 sending message 112 to peer 0x5596ffa093b0 (13 bytes)
1772143034.985438 sending message 112 to peer 0x5596ffa093b0 (13 bytes)
1772143034.985442 sending message 112 to peer 0x5596ffa093b0 (13 bytes)
1772143034.985446 sending message 112 to peer 0x5596ffa093b0 (13 bytes)
1772143034.985450 sending message 112 to peer 0x5596ffa093b0 (13 bytes)
1772143034.985454 sending message 112 to peer 0x5596ffa093b0 (13 bytes)
1772143034.985458 sending message 112 to peer 0x5596ffa093b0 (12 bytes)
1772143034.985462 sending message 112 to peer 0x5596ffa093b0 (12 bytes)
1772143034.985466 sending message 112 to peer 0x5596ffa093b0 (13 bytes)
1772143034.985471 sending message 112 to peer 0x5596ffa093b0 (8 bytes)
1772143034.985475 sending message 112 to peer 0x5596ffa093b0 (12 bytes)
1772143034.985479 sending message 112 to peer 0x5596ffa093b0 (13 bytes)
1772143034.985483 sending message 112 to peer 0x5596ffa093b0 (13 bytes)
1772143034.985487 sending message 112 to peer 0x5596ffa093b0 (13 bytes)
1772143034.985491 sending message 112 to peer 0x5596ffa093b0 (13 bytes)
1772143034.985498 sending message 112 to peer 0x5596ffa093b0 (13 bytes)
1772143034.985504 sending message 112 to peer 0x5596ffa093b0 (13 bytes)
1772143034.985508 sending message 112 to peer 0x5596ffa093b0 (13 bytes)
1772143034.985512 sending message 112 to peer 0x5596ffa093b0 (13 bytes)
1772143034.985516 sending message 112 to peer 0x5596ffa093b0 (12 bytes)
1772143034.985520 sending message 112 to peer 0x5596ffa093b0 (10 bytes)
1772143034.985524 sending message 112 to peer 0x5596ffa093b0 (12 bytes)
1772143034.985528 sending message 112 to peer 0x5596ffa093b0 (13 bytes)
1772143034.985532 sending message 112 to peer 0x5596ffa093b0 (12 bytes)
1772143034.985536 sending message 112 to peer 0x5596ffa093b0 (13 bytes)
1772143034.985540 sending message 112 to peer 0x5596ffa093b0 (13 bytes)
1772143034.985544 sending message 112 to peer 0x5596ffa093b0 (13 bytes)
1772143034.985548 sending message 112 to peer 0x5596ffa093b0 (13 bytes)
1772143034.985552 sending message 112 to peer 0x5596ffa093b0 (13 bytes)
1772143034.985556 sending message 112 to peer 0x5596ffa093b0 (13 bytes)
1772143034.985560 sending message 112 to peer 0x5596ffa093b0 (13 bytes)
1772143034.985564 sending message 112 to peer 0x5596ffa093b0 (10 bytes)
1772143034.985568 sending message 112 to peer 0x5596ffa093b0 (13 bytes)
1772143034.985572 sending message 112 to peer 0x5596ffa093b0 (12 bytes)
1772143034.985576 sending message 112 to peer 0x5596ffa093b0 (12 bytes)
1772143034.985580 sending message 112 to peer 0x5596ffa093b0 (13 bytes)
1772143034.985584 sending message 112 to peer 0x5596ffa093b0 (10 bytes)
1772143034.985588 sending message 112 to peer 0x5596ffa093b0 (10 bytes)
1772143034.985592 sending message 112 to peer 0x5596ffa093b0 (10 bytes)
1772143034.985596 sending message 112 to peer 0x5596ffa093b0 (12 bytes)
1772143034.985600 sending message 112 to peer 0x5596ffa093b0 (13 bytes)
1772143034.985604 sending message 112 to peer 0x5596ffa093b0 (13 bytes)
1772143034.985609 sending message 112 to peer 0x5596ffa093b0 (13 bytes)
1772143034.985613 sending message 112 to peer 0x5596ffa093b0 (13 bytes)
1772143034.985617 sending message 112 to peer 0x5596ffa093b0 (13 bytes)
1772143034.985621 sending message 112 to peer 0x5596ffa093b0 (10 bytes)
1772143034.985625 sending message 112 to peer 0x5596ffa093b0 (11 bytes)
1772143034.985629 sending message 112 to peer 0x5596ffa093b0 (12 bytes)
1772143034.985633 sending message 112 to peer 0x5596ffa093b0 (12 bytes)
1772143034.985637 sending message 112 to peer 0x5596ffa093b0 (12 bytes)
1772143034.985641 sending message 112 to peer 0x5596ffa093b0 (12 bytes)
1772143034.985645 sending message 112 to peer 0x5596ffa093b0 (12 bytes)
1772143034.985649 sending message 112 to peer 0x5596ffa093b0 (11 bytes)
1772143034.985653 sending message 112 to peer 0x5596ffa093b0 (12 bytes)
1772143034.985657 sending message 112 to peer 0x5596ffa093b0 (12 bytes)
1772143034.985661 sending message 112 to peer 0x5596ffa093b0 (13 bytes)
1772143034.985665 sending message 112 to peer 0x5596ffa093b0 (13 bytes)
1772143034.985669 sending message 112 to peer 0x5596ffa093b0 (13 bytes)
1772143034.985673 sending message 112 to peer 0x5596ffa093b0 (13 bytes)
1772143034.985677 sending message 112 to peer 0x5596ffa093b0 (13 bytes)
1772143034.985681 sending message 112 to peer 0x5596ffa093b0 (10 bytes)
1772143034.985685 sending message 112 to peer 0x5596ffa093b0 (9 bytes)
1772143034.985689 sending message 112 to peer 0x5596ffa093b0 (12 bytes)
1772143034.985699 sending message 112 to peer 0x5596ffa093b0 (13 bytes)
1772143034.985703 sending message 112 to peer 0x5596ffa093b0 (13 bytes)
1772143034.985707 sending message 112 to peer 0x5596ffa093b0 (13 bytes)
1772143034.985711 sending message 112 to peer 0x5596ffa093b0 (13 bytes)
1772143034.985715 sending message 112 to peer 0x5596ffa093b0 (13 bytes)
1772143034.985719 sending message 112 to peer 0x5596ffa093b0 (9 bytes)
1772143034.985723 sending message 112 to peer 0x5596ffa093b0 (12 bytes)
1772143034.985727 sending message 112 to peer 0x5596ffa093b0 (13 bytes)
1772143034.985732 sending message 112 to peer 0x5596ffa093b0 (13 bytes)
1772143034.985739 sending message 112 to peer 0x5596ffa093b0 (13 bytes)
1772143034.985744 sending message 112 to peer 0x5596ffa093b0 (13 bytes)
1772143034.985748 sending message 112 to peer 0x5596ffa093b0 (13 bytes)
1772143034.985752 sending message 112 to peer 0x5596ffa093b0 (11 bytes)
1772143034.985756 sending message 112 to peer 0x5596ffa093b0 (12 bytes)
1772143034.985760 sending message 112 to peer 0x5596ffa093b0 (13 bytes)
1772143034.985764 sending message 112 to peer 0x5596ffa093b0 (13 bytes)
1772143034.985768 sending message 112 to peer 0x5596ffa093b0 (13 bytes)
1772143034.985772 sending message 112 to peer 0x5596ffa093b0 (13 bytes)
1772143034.985776 sending message 112 to peer 0x5596ffa093b0 (13 bytes)
1772143034.985780 sending message 112 to peer 0x5596ffa093b0 (11 bytes)
1772143034.985784 sending message 112 to peer 0x5596ffa093b0 (12 bytes)
1772143034.985788 sending message 112 to peer 0x5596ffa093b0 (12 bytes)
1772143034.985792 sending message 112 to peer 0x5596ffa093b0 (12 bytes)
1772143034.985797 sending message 112 to peer 0x5596ffa093b0 (12 bytes)
1772143034.985801 sending message 112 to peer 0x5596ffa093b0 (12 bytes)
1772143034.985805 sending message 112 to peer 0x5596ffa093b0 (22 bytes)
1772143034.985809 sending message 112 to peer 0x5596ffa093b0 (12 bytes)
1772143034.985813 sending message 112 to peer 0x5596ffa093b0 (9 bytes)
1772143034.985817 sending message 112 to peer 0x5596ffa093b0 (6 bytes)
1772143034.985821 sending message 112 to peer 0x5596ffa093b0 (13 bytes)
1772143034.985825 sending message 112 to peer 0x5596ffa093b0 (10 bytes)
1772143034.985829 sending message 112 to peer 0x5596ffa093b0 (15 bytes)
1772143034.985833 sending message 112 to peer 0x5596ffa093b0 (11 bytes)
1772143034.985837 sending message 112 to peer 0x5596ffa093b0 (9 bytes)
1772143034.985841 sending message 112 to peer 0x5596ffa093b0 (70 bytes)
1772143034.985845 sending message 112 to peer 0x5596ffa093b0 (69 bytes)
1772143034.985849 sending message 112 to peer 0x5596ffa093b0 (34 bytes)
1772143034.985853 sending message 112 to peer 0x5596ffa093b0 (34 bytes)
1772143034.985857 sending message 112 to peer 0x5596ffa093b0 (69 bytes)
1772143034.985861 sending message 112 to peer 0x5596ffa093b0 (12 bytes)
1772143034.985865 sending message 112 to peer 0x5596ffa093b0 (10 bytes)
1772143034.985869 sending message 112 to peer 0x5596ffa093b0 (10 bytes)
1772143034.985873 sending message 112 to peer 0x5596ffa093b0 (15 bytes)
1772143034.985877 sending message 112 to peer 0x5596ffa093b0 (11 bytes)
1772143034.985881 sending message 112 to peer 0x5596ffa093b0 (10 bytes)
1772143034.985885 sending message 112 to peer 0x5596ffa093b0 (10 bytes)
1772143034.985889 sending message 112 to peer 0x5596ffa093b0 (17 bytes)
1772143034.985893 sending message 112 to peer 0x5596ffa093b0 (10 bytes)
1772143034.985897 sending message 112 to peer 0x5596ffa093b0 (13 bytes)
1772143034.985901 sending message 112 to peer 0x5596ffa093b0 (17 bytes)
1772143034.985905 sending message 112 to peer 0x5596ffa093b0 (5 bytes)
1772143034.985909 sending message 112 to peer 0x5596ffa093b0 (9 bytes)
1772143034.985913 sending message 112 to peer 0x5596ffa093b0 (15 bytes)
1772143034.985918 sending message 104 to peer 0x5596ffa093b0 (0 bytes)
1772143034.985922 sending message 110 to peer 0x5596ffa093b0 (0 bytes)
1772143034.985927 sending message 107 to peer 0x5596ffa093b0 (4 bytes)
1772143034.985931 sending message 105 to peer 0x5596ffa093b0 (20 bytes)
1772143034.985935 sending message 105 to peer 0x5596ffa093b0 (20 bytes)
1772143034.985939 sending message 105 to peer 0x5596ffa093b0 (38 bytes)
1772143034.985943 sending message 105 to peer 0x5596ffa093b0 (25 bytes)
1772143034.985947 sending message 105 to peer 0x5596ffa093b0 (58 bytes)
1772143034.985951 sending message 105 to peer 0x5596ffa093b0 (26 bytes)
1772143034.985955 sending message 105 to peer 0x5596ffa093b0 (32 bytes)
1772143034.985959 sending message 105 to peer 0x5596ffa093b0 (20 bytes)
1772143034.985963 sending message 105 to peer 0x5596ffa093b0 (29 bytes)
1772143034.985967 sending message 105 to peer 0x5596ffa093b0 (41 bytes)
1772143034.985974 sending message 105 to peer 0x5596ffa093b0 (34 bytes)
1772143034.985980 sending message 105 to peer 0x5596ffa093b0 (19 bytes)
1772143034.985984 sending message 105 to peer 0x5596ffa093b0 (55 bytes)
1772143034.985988 sending message 105 to peer 0x5596ffa093b0 (25 bytes)
1772143034.985992 sending message 105 to peer 0x5596ffa093b0 (38 bytes)
1772143034.985996 sending message 105 to peer 0x5596ffa093b0 (48 bytes)
1772143034.986000 sending message 105 to peer 0x5596ffa093b0 (51 bytes)
1772143034.986004 sending message 105 to peer 0x5596ffa093b0 (180 bytes)
1772143034.986008 sending message 105 to peer 0x5596ffa093b0 (21 bytes)
1772143034.986012 sending message 105 to peer 0x5596ffa093b0 (30 bytes)
1772143034.986016 sending message 105 to peer 0x5596ffa093b0 (37 bytes)
1772143034.986020 sending message 105 to peer 0x5596ffa093b0 (16 bytes)
1772143034.986024 sending message 105 to peer 0x5596ffa093b0 (64 bytes)
1772143034.986028 sending message 105 to peer 0x5596ffa093b0 (16 bytes)
1772143034.986032 sending message 105 to peer 0x5596ffa093b0 (12 bytes)
1772143034.986036 sending message 105 to peer 0x5596ffa093b0 (15 bytes)
1772143034.986040 sending message 105 to peer 0x5596ffa093b0 (31 bytes)
1772143034.986044 sending message 105 to peer 0x5596ffa093b0 (16 bytes)
1772143034.986049 sending message 105 to peer 0x5596ffa093b0 (29 bytes)
1772143034.986053 sending message 105 to peer 0x5596ffa093b0 (25 bytes)
1772143034.986057 sending message 105 to peer 0x5596ffa093b0 (31 bytes)
1772143034.986061 sending message 105 to peer 0x5596ffa093b0 (71 bytes)
1772143034.986065 sending message 105 to peer 0x5596ffa093b0 (22 bytes)
1772143034.986069 sending message 105 to peer 0x5596ffa093b0 (60 bytes)
1772143034.986073 sending message 105 to peer 0x5596ffa093b0 (27 bytes)
1772143034.986077 sending message 105 to peer 0x5596ffa093b0 (26 bytes)
1772143034.986081 sending message 105 to peer 0x5596ffa093b0 (15 bytes)
1772143034.986085 sending message 105 to peer 0x5596ffa093b0 (19 bytes)
1772143034.986089 sending message 105 to peer 0x5596ffa093b0 (17 bytes)
1772143034.986094 sending message 105 to peer 0x5596ffa093b0 (30 bytes)
1772143034.986098 sending message 105 to peer 0x5596ffa093b0 (29 bytes)
1772143034.986102 sending message 105 to peer 0x5596ffa093b0 (22 bytes)
1772143034.986106 sending message 105 to peer 0x5596ffa093b0 (148 bytes)
1772143034.986110 sending message 105 to peer 0x5596ffa093b0 (26 bytes)
1772143034.986114 sending message 105 to peer 0x5596ffa093b0 (47 bytes)
1772143034.986118 sending message 105 to peer 0x5596ffa093b0 (18 bytes)
1772143034.986122 sending message 105 to peer 0x5596ffa093b0 (52 bytes)
1772143034.986126 sending message 105 to peer 0x5596ffa093b0 (47 bytes)
1772143034.986130 sending message 105 to peer 0x5596ffa093b0 (16 bytes)
1772143034.986134 sending message 105 to peer 0x5596ffa093b0 (47 bytes)
1772143034.986138 sending message 105 to peer 0x5596ffa093b0 (28 bytes)
1772143034.986142 sending message 105 to peer 0x5596ffa093b0 (204 bytes)
1772143034.986146 sending message 105 to peer 0x5596ffa093b0 (36 bytes)
1772143034.986150 sending message 105 to peer 0x5596ffa093b0 (62 bytes)
1772143034.986154 sending message 105 to peer 0x5596ffa093b0 (20 bytes)
1772143034.986158 sending message 105 to peer 0x5596ffa093b0 (23 bytes)
1772143034.986162 sending message 105 to peer 0x5596ffa093b0 (33 bytes)
1772143034.986166 sending message 105 to peer 0x5596ffa093b0 (17 bytes)
1772143034.986170 sending message 105 to peer 0x5596ffa093b0 (13 bytes)
1772143034.986174 sending message 105 to peer 0x5596ffa093b0 (28 bytes)
1772143034.986179 sending message 105 to peer 0x5596ffa093b0 (23 bytes)
1772143034.986183 sending message 105 to peer 0x5596ffa093b0 (236 bytes)
1772143034.986187 sending message 105 to peer 0x5596ffa093b0 (91 bytes)
1772143034.986191 sending message 105 to peer 0x5596ffa093b0 (44 bytes)
1772143034.986195 sending message 105 to peer 0x5596ffa093b0 (11 bytes)
1772143034.986199 sending message 105 to peer 0x5596ffa093b0 (8 bytes)
1772143034.986203 sending message 105 to peer 0x5596ffa093b0 (21 bytes)
1772143034.986210 sending message 105 to peer 0x5596ffa093b0 (19 bytes)
1772143034.986216 sending message 105 to peer 0x5596ffa093b0 (187 bytes)
1772143034.986220 sending message 105 to peer 0x5596ffa093b0 (11 bytes)
1772143034.986224 sending message 105 to peer 0x5596ffa093b0 (17 bytes)
1772143034.986228 sending message 105 to peer 0x5596ffa093b0 (20 bytes)
1772143034.986232 sending message 105 to peer 0x5596ffa093b0 (42 bytes)
1772143034.986236 sending message 105 to peer 0x5596ffa093b0 (31 bytes)
1772143034.986240 sending message 105 to peer 0x5596ffa093b0 (64 bytes)
1772143034.986244 sending message 105 to peer 0x5596ffa093b0 (50 bytes)
1772143034.986248 sending message 105 to peer 0x5596ffa093b0 (23 bytes)
1772143034.986252 sending message 105 to peer 0x5596ffa093b0 (16 bytes)
1772143034.986256 sending message 105 to peer 0x5596ffa093b0 (145 bytes)
1772143034.986260 sending message 105 to peer 0x5596ffa093b0 (26 bytes)
1772143034.986264 sending message 105 to peer 0x5596ffa093b0 (192 bytes)
1772143034.986268 sending message 105 to peer 0x5596ffa093b0 (12 bytes)
1772143034.986272 sending message 105 to peer 0x5596ffa093b0 (49 bytes)
1772143034.986276 sending message 105 to peer 0x5596ffa093b0 (54 bytes)
1772143034.986280 sending message 105 to peer 0x5596ffa093b0 (29 bytes)
1772143034.986285 sending message 105 to peer 0x5596ffa093b0 (124 bytes)
1772143034.986289 sending message 105 to peer 0x5596ffa093b0 (36 bytes)
1772143034.986293 sending message 105 to peer 0x5596ffa093b0 (36 bytes)
1772143034.986297 sending message 105 to peer 0x5596ffa093b0 (38 bytes)
1772143034.986301 sending message 105 to peer 0x5596ffa093b0 (21 bytes)
1772143034.986305 sending message 105 to peer 0x5596ffa093b0 (34 bytes)
1772143034.986309 sending message 105 to peer 0x5596ffa093b0 (19 bytes)
1772143034.986313 sending message 105 to peer 0x5596ffa093b0 (16 bytes)
1772143034.986317 sending message 106 to peer 0x5596ffa093b0 (0 bytes)
1772143034.986326 sending message 200 to peer 0x5596ffa093b0 (4 bytes)
1772143034.986330 client loop enter
1772143034.986339 client loop exit
